C:\Users\fatma\OneDrive\Masaüstü\gitHupIkinciGun>git branch fatma

C:\Users\fatma\OneDrive\Masaüstü\gitHupIkinciGun>git branch
  fatma
* master

C:\Users\fatma\OneDrive\Masaüstü\gitHupIkinciGun>git checkout erol
error: pathspec 'erol' did not match any file(s) known to git

C:\Users\fatma\OneDrive\Masaüstü\gitHupIkinciGun>git checkout fatma
Switched to branch 'fatma'

C:\Users\fatma\OneDrive\Masaüstü\gitHupIkinciGun>git branch
* fatma
  master

C:\Users\fatma\OneDrive\Masaüstü\gitHupIkinciGun>git log --oneline
3eb504c (HEAD -> fatma, master) V3
f70c485 V2
c1e9d74 V1

C:\Users\fatma\OneDrive\Masaüstü\gitHupIkinciGun>git status
On branch fatma
Changes not staged for commit:
  (use "git add <file>..." to update what will be committed)
  (use "git restore <file>..." to discard changes in working directory)
        modified:   ikinciGun.txt

no changes added to commit (use "git add" and/or "git commit -a")

C:\Users\fatma\OneDrive\Masaüstü\gitHupIkinciGun>git add .

C:\Users\fatma\OneDrive\Masaüstü\gitHupIkinciGun>git commit -m"fatmaBV1"
[fatma 2b8754f] fatmaBV1
 1 file changed, 3 insertions(+)

C:\Users\fatma\OneDrive\Masaüstü\gitHupIkinciGun>git log --oneline
2b8754f (HEAD -> fatma) fatmaBV1
3eb504c (master) V3
f70c485 V2
c1e9d74 V1

C:\Users\fatma\OneDrive\Masaüstü\gitHupIkinciGun>git checkout master
Switched to branch 'master'

C:\Users\fatma\OneDrive\Masaüstü\gitHupIkinciGun>git branch
  fatma
* master

C:\Users\fatma\OneDrive\Masaüstü\gitHupIkinciGun>git merge fatma
Updating 3eb504c..2b8754f
Fast-forward
 ikinciGun.txt | 3 +++
 1 file changed, 3 insertions(+)

C:\Users\fatma\OneDrive\Masaüstü\gitHupIkinciGun>git log --online
fatal: unrecognized argument: --online

C:\Users\fatma\OneDrive\Masaüstü\gitHupIkinciGun>git log --oneline
2b8754f (HEAD -> master, fatma) fatmaBV1
3eb504c V3
f70c485 V2
c1e9d74 V1

C:\Users\fatma\OneDrive\Masaüstü\gitHupIkinciGun>git branch
  fatma
* master

C:\Users\fatma\OneDrive\Masaüstü\gitHupIkinciGun>git status
On branch master
Changes not staged for commit:
  (use "git add <file>..." to update what will be committed)
  (use "git restore <file>..." to discard changes in working directory)
        modified:   ikinciGun.txt

no changes added to commit (use "git add" and/or "git commit -a")

C:\Users\fatma\OneDrive\Masaüstü\gitHupIkinciGun>git commit add .
error: pathspec 'add' did not match any file(s) known to git

C:\Users\fatma\OneDrive\Masaüstü\gitHupIkinciGun>git add .

C:\Users\fatma\OneDrive\Masaüstü\gitHupIkinciGun>git commit -m"V4"
[master a86e024] V4
 1 file changed, 3 insertions(+), 1 deletion(-)

C:\Users\fatma\OneDrive\Masaüstü\gitHupIkinciGun>git log --oneline]
fatal: unrecognized argument: --oneline]

C:\Users\fatma\OneDrive\Masaüstü\gitHupIkinciGun>git log --oneline
a86e024 (HEAD -> master) V4
2b8754f (fatma) fatmaBV1
3eb504c V3
f70c485 V2
c1e9d74 V1

C:\Users\fatma\OneDrive\Masaüstü\gitHupIkinciGun>git checkout fatma
Switched to branch 'fatma'

C:\Users\fatma\OneDrive\Masaüstü\gitHupIkinciGun>gi branch
'gi' is not recognized as an internal or external command,
operable program or batch file.

C:\Users\fatma\OneDrive\Masaüstü\gitHupIkinciGun>git branch
* fatma
  master

C:\Users\fatma\OneDrive\Masaüstü\gitHupIkinciGun>git branch
* fatma
  master

C:\Users\fatma\OneDrive\Masaüstü\gitHupIkinciGun>git checkout master
Switched to branch 'master'

C:\Users\fatma\OneDrive\Masaüstü\gitHupIkinciGun>git checkout fatma
Switched to branch 'fatma'

C:\Users\fatma\OneDrive\Masaüstü\gitHupIkinciGun>git merge master
Updating 2b8754f..a86e024
Fast-forward
 ikinciGun.txt | 4 +++-
 1 file changed, 3 insertions(+), 1 deletion(-)

C:\Users\fatma\OneDrive\Masaüstü\gitHupIkinciGun>git log --oneline
a86e024 (HEAD -> fatma, master) V4
2b8754f fatmaBV1
3eb504c V3
f70c485 V2
c1e9d74 V1

C:\Users\fatma\OneDrive\Masaüstü\gitHupIkinciGun>git checkout fatma
Already on 'fatma'

C:\Users\fatma\OneDrive\Masaüstü\gitHupIkinciGun>git branch
* fatma
  master

C:\Users\fatma\OneDrive\Masaüstü\gitHupIkinciGun>git branch -m ozmen

C:\Users\fatma\OneDrive\Masaüstü\gitHupIkinciGun>git branch
  master
* ozmen

C:\Users\fatma\OneDrive\Masaüstü\gitHupIkinciGun>git branch erol

C:\Users\fatma\OneDrive\Masaüstü\gitHupIkinciGun>git log --oneline
a86e024 (HEAD -> ozmen, master, erol) V4
2b8754f fatmaBV1
3eb504c V3
f70c485 V2
c1e9d74 V1

C:\Users\fatma\OneDrive\Masaüstü\gitHupIkinciGun>git branch -d erol
Deleted branch erol (was a86e024).

C:\Users\fatma\OneDrive\Masaüstü\gitHupIkinciGun>git branch
  master
* ozmen

C:\Users\fatma\OneDrive\Masaüstü\gitHupIkinciGun>git status
On branch ozmen
Changes not staged for commit:
  (use "git add <file>..." to update what will be committed)
  (use "git restore <file>..." to discard changes in working directory)
        modified:   ikinciGun.txt

no changes added to commit (use "git add" and/or "git commit -a")

C:\Users\fatma\OneDrive\Masaüstü\gitHupIkinciGun>git commit -am"fatmaBV1"
[ozmen 149c092] fatmaBV1
 1 file changed, 3 insertions(+), 1 deletion(-)

C:\Users\fatma\OneDrive\Masaüstü\gitHupIkinciGun>git commit -am"ozmenBV1"
On branch ozmen
nothing to commit, working tree clean

C:\Users\fatma\OneDrive\Masaüstü\gitHupIkinciGun>git log --oneline
149c092 (HEAD -> ozmen) fatmaBV1
a86e024 (master) V4
2b8754f fatmaBV1
3eb504c V3
f70c485 V2
c1e9d74 V1

C:\Users\fatma\OneDrive\Masaüstü\gitHupIkinciGun>git status
On branch ozmen
Changes not staged for commit:
  (use "git add <file>..." to update what will be committed)
  (use "git restore <file>..." to discard changes in working directory)
        modified:   ikinciGun.txt

no changes added to commit (use "git add" and/or "git commit -a")

C:\Users\fatma\OneDrive\Masaüstü\gitHupIkinciGun>git checkout master
error: Your local changes to the following files would be overwritten by checkout:
        ikinciGun.txt
Please commit your changes or stash them before you switch branches.
Aborting

C:\Users\fatma\OneDrive\Masaüstü\gitHupIkinciGun>git stash
Saved working directory and index state WIP on ozmen: 149c092 fatmaBV1

C:\Users\fatma\OneDrive\Masaüstü\gitHupIkinciGun>git status
On branch ozmen
nothing to commit, working tree clean

C:\Users\fatma\OneDrive\Masaüstü\gitHupIkinciGun>git checkout master
Switched to branch 'master'

C:\Users\fatma\OneDrive\Masaüstü\gitHupIkinciGun>git branch
* master
  ozmen

C:\Users\fatma\OneDrive\Masaüstü\gitHupIkinciGun>git merge ozmen
Updating a86e024..149c092
Fast-forward
 ikinciGun.txt | 4 +++-
 1 file changed, 3 insertions(+), 1 deletion(-)

C:\Users\fatma\OneDrive\Masaüstü\gitHupIkinciGun>git log --oneline
149c092 (HEAD -> master, ozmen) fatmaBV1
a86e024 V4
2b8754f fatmaBV1
3eb504c V3
f70c485 V2
c1e9d74 V1

C:\Users\fatma\OneDrive\Masaüstü\gitHupIkinciGun>git stash pop
On branch master
Changes not staged for commit:
  (use "git add <file>..." to update what will be committed)
  (use "git restore <file>..." to discard changes in working directory)
        modified:   ikinciGun.txt

no changes added to commit (use "git add" and/or "git commit -a")
Dropped refs/stash@{0} (46e314a2077878ba7e79f09170b0df1347a79dd7)

C:\Users\fatma\OneDrive\Masaüstü\gitHupIkinciGun>git diff
diff --git a/ikinciGun.txt b/ikinciGun.txt
index 9b8a159..b8f2de6 100644
--- a/ikinciGun.txt
+++ b/ikinciGun.txt
@@ -10,4 +10,4 @@ git  github ikinci gun ikinci deneme fatma BrancH i deneme

 git  github ikinci gun ikinci deneme master BrancH i deneme

-hey ya sen varyaa uyan   fatma branchi ilk
\ No newline at end of file
+hey ya sen varyaa uyan   fatma branchi ilk.....
\ No newline at end of file

C:\Users\fatma\OneDrive\Masaüstü\gitHupIkinciGun>git restore .

C:\Users\fatma\OneDrive\Masaüstü\gitHupIkinciGun>git status
On branch master
nothing to commit, working tree clean